// Jest Snapshot v1, https://goo.gl/fbAQLP

exports[`渲染简谱 1`] = `
<View
  style={
    {
      "flexDirection": "row",
      "flexWrap": "wrap",
    }
  }
>
  <View
    style={
      {
        "flexBasis": "50%",
        "flexDirection": "row",
        "marginVertical": 16,
      }
    }
  >
    <View
      style={
        [
          {
            "borderRadius": 4,
          },
          "",
          {
            "flexBasis": 16,
            "flexGrow": 1,
          },
        ]
      }
    >
      <View
        style={
          {
            "alignItems": "center",
            "width": 16,
          }
        }
      >
        <Text
          style={
            [
              {
                "color": "rgb(65, 35, 68)",
                "fontSize": 18,
                "fontWeight": 600,
                "textAlign": "center",
              },
              "",
            ]
          }
        >
          1
        </Text>
        <Text
          style={
            {
              "fontSize": 10,
              "left": -10,
              "position": "absolute",
              "textAlign": "right",
              "width": 12,
            }
          }
        />
      </View>
      <View
        style={
          {
            "position": "absolute",
            "top": "100%",
            "width": "100%",
          }
        }
      />
    </View>
    <View
      style={
        [
          {
            "borderRadius": 4,
          },
          "",
          {
            "flexBasis": 16,
            "flexGrow": 0.5,
          },
        ]
      }
    >
      <View
        style={
          {
            "alignItems": "center",
            "width": 16,
          }
        }
      >
        <Text
          style={
            [
              {
                "color": "rgb(65, 35, 68)",
                "fontSize": 18,
                "fontWeight": 600,
                "textAlign": "center",
              },
              "",
            ]
          }
        >
          2
        </Text>
        <Text
          style={
            {
              "fontSize": 10,
              "left": -10,
              "position": "absolute",
              "textAlign": "right",
              "width": 12,
            }
          }
        />
      </View>
      <View
        style={
          {
            "position": "absolute",
            "top": "100%",
            "width": "100%",
          }
        }
      >
        <View
          style={
            {
              "backgroundColor": "rgba(0,0,0,40)",
              "height": 2,
              "marginBottom": 2,
              "width": "auto",
            }
          }
        />
      </View>
    </View>
    <View
      style={
        [
          {
            "borderRadius": 4,
          },
          "",
          {
            "flexBasis": 16,
            "flexGrow": 0.25,
          },
        ]
      }
    >
      <View
        style={
          {
            "alignItems": "center",
            "width": 16,
          }
        }
      >
        <Text
          style={
            [
              {
                "color": "rgb(65, 35, 68)",
                "fontSize": 18,
                "fontWeight": 600,
                "textAlign": "center",
              },
              "",
            ]
          }
        >
          3
        </Text>
        <Text
          style={
            {
              "fontSize": 10,
              "left": -10,
              "position": "absolute",
              "textAlign": "right",
              "width": 12,
            }
          }
        />
      </View>
      <View
        style={
          {
            "position": "absolute",
            "top": "100%",
            "width": "100%",
          }
        }
      >
        <View
          style={
            {
              "backgroundColor": "rgba(0,0,0,40)",
              "height": 2,
              "marginBottom": 2,
              "width": "auto",
            }
          }
        />
        <View
          style={
            {
              "backgroundColor": "rgba(0,0,0,40)",
              "height": 2,
              "marginBottom": 2,
              "width": "auto",
            }
          }
        />
      </View>
    </View>
    <View
      style={
        [
          {
            "borderRadius": 4,
          },
          "",
          {
            "flexBasis": 16,
            "flexGrow": 0.25,
          },
        ]
      }
    >
      <View
        style={
          {
            "alignItems": "center",
            "width": 16,
          }
        }
      >
        <Text
          style={
            [
              {
                "color": "rgb(65, 35, 68)",
                "fontSize": 18,
                "fontWeight": 600,
                "textAlign": "center",
              },
              "",
            ]
          }
        >
          4
        </Text>
        <Text
          style={
            {
              "fontSize": 10,
              "left": -10,
              "position": "absolute",
              "textAlign": "right",
              "width": 12,
            }
          }
        />
      </View>
      <View
        style={
          {
            "position": "absolute",
            "top": "100%",
            "width": "100%",
          }
        }
      >
        <View
          style={
            {
              "backgroundColor": "rgba(0,0,0,40)",
              "height": 2,
              "marginBottom": 2,
              "width": 16,
            }
          }
        />
        <View
          style={
            {
              "backgroundColor": "rgba(0,0,0,40)",
              "height": 2,
              "marginBottom": 2,
              "width": 16,
            }
          }
        />
      </View>
    </View>
    <View
      style={
        [
          {
            "borderRadius": 4,
          },
          "",
          {
            "flexBasis": 16,
            "flexGrow": 1,
          },
        ]
      }
    >
      <View
        style={
          {
            "alignItems": "center",
            "width": 16,
          }
        }
      >
        <Text
          style={
            [
              {
                "color": "rgb(65, 35, 68)",
                "fontSize": 18,
                "fontWeight": 600,
                "textAlign": "center",
              },
              "",
            ]
          }
        >
          5
        </Text>
        <Text
          style={
            {
              "fontSize": 10,
              "left": -10,
              "position": "absolute",
              "textAlign": "right",
              "width": 12,
            }
          }
        />
      </View>
      <View
        style={
          {
            "position": "absolute",
            "top": "100%",
            "width": "100%",
          }
        }
      />
    </View>
    <View
      style={
        [
          {
            "borderRadius": 4,
          },
          "",
          {
            "flexBasis": 16,
            "flexGrow": 1,
          },
        ]
      }
    >
      <View
        style={
          {
            "alignItems": "center",
            "width": 16,
          }
        }
      >
        <Text
          style={
            [
              {
                "color": "rgb(65, 35, 68)",
                "fontSize": 18,
                "fontWeight": 600,
                "textAlign": "center",
              },
              "",
            ]
          }
        >
          6
        </Text>
        <Text
          style={
            {
              "fontSize": 10,
              "left": -10,
              "position": "absolute",
              "textAlign": "right",
              "width": 12,
            }
          }
        />
        <View
          style={
            {
              "bottom": 4,
              "left": 16,
              "position": "absolute",
            }
          }
        >
          <RNSVGSvgView
            bbHeight={2}
            bbWidth={2}
            fill="none"
            focusable={false}
            height={2}
            style={
              [
                {
                  "backgroundColor": "transparent",
                  "borderWidth": 0,
                },
                {
                  "padding": 1,
                },
                {
                  "flex": 0,
                  "height": 2,
                  "width": 2,
                },
              ]
            }
            width={2}
            xmlns="http://www.w3.org/2000/svg"
          >
            <RNSVGGroup
              fill={null}
              propList={
                [
                  "fill",
                ]
              }
            >
              <RNSVGCircle
                cx={1}
                cy={1}
                fill={
                  {
                    "payload": 4282458948,
                    "type": 0,
                  }
                }
                propList={
                  [
                    "fill",
                  ]
                }
                r={1}
              />
            </RNSVGGroup>
          </RNSVGSvgView>
        </View>
      </View>
      <View
        style={
          {
            "position": "absolute",
            "top": "100%",
            "width": "100%",
          }
        }
      />
    </View>
    <View
      style={
        {
          "backgroundColor": "rgba(0,0,0,40)",
          "marginHorizontal": 8,
          "width": 2,
        }
      }
    />
  </View>
</View>
`;
