// Jest Snapshot v1, https://goo.gl/fbAQLP

exports[`渲染音符 1`] = `
<View
  style={
    [
      {
        "borderRadius": 4,
        "height": 40,
      },
      "",
      {
        "flexBasis": 14,
        "flexGrow": 1,
      },
    ]
  }
>
  <Text
    style={
      {
        "height": 4,
      }
    }
  >
    ·
  </Text>
  <Text
    style={
      [
        {
          "color": "rgb(65, 35, 68)",
          "fontSize": 18,
          "fontWeight": 600,
          "textAlign": "left",
        },
        "",
      ]
    }
  >
    1
  </Text>
  0
</View>
`;
